127.0.0.1 - - [25/Oct/2019:18:20:45 +0800] "GET /nacos/v1/ns/service/list?pageSize=2147483647&groupName=DEFAULT_GROUP&encoding=UTF-8&namespaceId=public&pageNo=1 HTTP/1.1" 200 32 4 Nacos-Java-Client:v1.0.0
192.168.56.1 - - [25/Oct/2019:18:20:50 +0800] "GET /nacos/v1/cs/health HTTP/1.1" 200 2 1 Apache-HttpAsyncClient/4.1.3 (Java/1.8.0_91)
192.168.56.1 - - [25/Oct/2019:18:20:55 +0800] "GET /nacos/v1/cs/health HTTP/1.1" 200 2 2 Apache-HttpAsyncClient/4.1.3 (Java/1.8.0_91)
192.168.56.1 - - [25/Oct/2019:18:21:00 +0800] "GET /nacos/v1/cs/health HTTP/1.1" 200 2 4 Apache-HttpAsyncClient/4.1.3 (Java/1.8.0_91)
192.168.56.1 - - [25/Oct/2019:18:21:05 +0800] "GET /nacos/v1/cs/health HTTP/1.1" 200 2 5 Apache-HttpAsyncClient/4.1.3 (Java/1.8.0_91)
127.0.0.1 - - [25/Oct/2019:18:21:08 +0800] "GET /nacos/v1/ns/service/list?pageSize=2147483647&groupName=DEFAULT_GROUP&encoding=UTF-8&namespaceId=public&pageNo=1 HTTP/1.1" 200 32 3 Nacos-Java-Client:v1.0.0
192.168.56.1 - - [25/Oct/2019:18:21:10 +0800] "GET /nacos/v1/cs/health HTTP/1.1" 200 2 2 Apache-HttpAsyncClient/4.1.3 (Java/1.8.0_91)
192.168.56.1 - - [25/Oct/2019:18:21:15 +0800] "GET /nacos/v1/cs/health HTTP/1.1" 200 2 2 Apache-HttpAsyncClient/4.1.3 (Java/1.8.0_91)
127.0.0.1 - - [25/Oct/2019:18:21:15 +0800] "GET /nacos/v1/ns/service/list?pageSize=2147483647&groupName=DEFAULT_GROUP&encoding=UTF-8&namespaceId=public&pageNo=1 HTTP/1.1" 200 32 1 Nacos-Java-Client:v1.0.0
192.168.56.1 - - [25/Oct/2019:18:21:20 +0800] "GET /nacos/v1/cs/health HTTP/1.1" 200 2 5 Apache-HttpAsyncClient/4.1.3 (Java/1.8.0_91)
192.168.56.1 - - [25/Oct/2019:18:21:25 +0800] "GET /nacos/v1/cs/health HTTP/1.1" 200 2 5 Apache-HttpAsyncClient/4.1.3 (Java/1.8.0_91)
192.168.56.1 - - [25/Oct/2019:18:21:30 +0800] "GET /nacos/v1/cs/health HTTP/1.1" 200 2 2 Apache-HttpAsyncClient/4.1.3 (Java/1.8.0_91)
192.168.56.1 - - [25/Oct/2019:18:21:35 +0800] "GET /nacos/v1/cs/health HTTP/1.1" 200 2 2 Apache-HttpAsyncClient/4.1.3 (Java/1.8.0_91)
192.168.56.1 - - [25/Oct/2019:18:21:40 +0800] "GET /nacos/v1/cs/health HTTP/1.1" 200 2 1 Apache-HttpAsyncClient/4.1.3 (Java/1.8.0_91)
127.0.0.1 - - [25/Oct/2019:18:21:43 +0800] "GET /nacos/v1/ns/service/list?pageSize=2147483647&groupName=DEFAULT_GROUP&encoding=UTF-8&namespaceId=public&pageNo=1 HTTP/1.1" 200 32 2 Nacos-Java-Client:v1.0.0
192.168.56.1 - - [25/Oct/2019:18:21:45 +0800] "GET /nacos/v1/cs/health HTTP/1.1" 200 2 3 Apache-HttpAsyncClient/4.1.3 (Java/1.8.0_91)
192.168.56.1 - - [25/Oct/2019:18:21:50 +0800] "GET /nacos/v1/cs/health HTTP/1.1" 200 2 1 Apache-HttpAsyncClient/4.1.3 (Java/1.8.0_91)
127.0.0.1 - - [25/Oct/2019:18:21:53 +0800] "GET /nacos/v1/ns/service/list?pageSize=2147483647&groupName=DEFAULT_GROUP&encoding=UTF-8&namespaceId=public&pageNo=1 HTTP/1.1" 200 32 2 Nacos-Java-Client:v1.0.0
192.168.56.1 - - [25/Oct/2019:18:21:55 +0800] "GET /nacos/v1/cs/health HTTP/1.1" 200 2 5 Apache-HttpAsyncClient/4.1.3 (Java/1.8.0_91)
0:0:0:0:0:0:0:1 - - [25/Oct/2019:18:21:55 +0800] "GET /nacos/ HTTP/1.1" 304 - 6 Mozilla/5.0 (Windows NT 10.0; Win64; x64) AppleWebKit/537.36 (KHTML, like Gecko) Chrome/77.0.3865.120 Safari/537.36
0:0:0:0:0:0:0:1 - - [25/Oct/2019:18:21:55 +0800] "GET /nacos/v1/console/namespaces?namespaceId= HTTP/1.1" 200 130 6 Mozilla/5.0 (Windows NT 10.0; Win64; x64) AppleWebKit/537.36 (KHTML, like Gecko) Chrome/77.0.3865.120 Safari/537.36
0:0:0:0:0:0:0:1 - - [25/Oct/2019:18:21:55 +0800] "GET /nacos/v1/console/server/state HTTP/1.1" 200 82 2 Mozilla/5.0 (Windows NT 10.0; Win64; x64) AppleWebKit/537.36 (KHTML, like Gecko) Chrome/77.0.3865.120 Safari/537.36
0:0:0:0:0:0:0:1 - - [25/Oct/2019:18:21:55 +0800] "GET /nacos/v1/ns/catalog/services?hasIpCount=false&withInstances=false&pageNo=1&pageSize=10&serviceNameParam=&groupNameParam=&namespaceId= HTTP/1.1" 200 39 4 Mozilla/5.0 (Windows NT 10.0; Win64; x64) AppleWebKit/537.36 (KHTML, like Gecko) Chrome/77.0.3865.120 Safari/537.36
0:0:0:0:0:0:0:1 - - [25/Oct/2019:18:21:55 +0800] "GET /nacos/console-fe/public/img/favicon.ico HTTP/1.1" 200 4286 3 Mozilla/5.0 (Windows NT 10.0; Win64; x64) AppleWebKit/537.36 (KHTML, like Gecko) Chrome/77.0.3865.120 Safari/537.36
0:0:0:0:0:0:0:1 - - [25/Oct/2019:18:21:56 +0800] "GET /nacos/ HTTP/1.1" 304 - 3 Mozilla/5.0 (Windows NT 10.0; Win64; x64) AppleWebKit/537.36 (KHTML, like Gecko) Chrome/77.0.3865.120 Safari/537.36
0:0:0:0:0:0:0:1 - - [25/Oct/2019:18:21:56 +0800] "GET /nacos/v1/console/namespaces?namespaceId= HTTP/1.1" 200 130 3 Mozilla/5.0 (Windows NT 10.0; Win64; x64) AppleWebKit/537.36 (KHTML, like Gecko) Chrome/77.0.3865.120 Safari/537.36
0:0:0:0:0:0:0:1 - - [25/Oct/2019:18:21:56 +0800] "GET /nacos/v1/console/server/state HTTP/1.1" 200 82 2 Mozilla/5.0 (Windows NT 10.0; Win64; x64) AppleWebKit/537.36 (KHTML, like Gecko) Chrome/77.0.3865.120 Safari/537.36
0:0:0:0:0:0:0:1 - - [25/Oct/2019:18:21:56 +0800] "GET /nacos/v1/ns/catalog/services?hasIpCount=false&withInstances=false&pageNo=1&pageSize=10&serviceNameParam=&groupNameParam=&namespaceId= HTTP/1.1" 200 39 2 Mozilla/5.0 (Windows NT 10.0; Win64; x64) AppleWebKit/537.36 (KHTML, like Gecko) Chrome/77.0.3865.120 Safari/537.36
0:0:0:0:0:0:0:1 - - [25/Oct/2019:18:21:56 +0800] "GET /nacos/console-fe/public/img/favicon.ico HTTP/1.1" 200 4286 2 Mozilla/5.0 (Windows NT 10.0; Win64; x64) AppleWebKit/537.36 (KHTML, like Gecko) Chrome/77.0.3865.120 Safari/537.36
0:0:0:0:0:0:0:1 - - [25/Oct/2019:18:21:58 +0800] "GET /nacos/v1/ns/catalog/services?hasIpCount=false&withInstances=false&pageNo=1&pageSize=10&serviceNameParam=&groupNameParam=&namespaceId= HTTP/1.1" 200 39 1 Mozilla/5.0 (Windows NT 10.0; Win64; x64) AppleWebKit/537.36 (KHTML, like Gecko) Chrome/77.0.3865.120 Safari/537.36
0:0:0:0:0:0:0:1 - - [25/Oct/2019:18:21:59 +0800] "GET /nacos/v1/ns/catalog/services?hasIpCount=false&withInstances=false&pageNo=1&pageSize=10&serviceNameParam=&groupNameParam=&namespaceId= HTTP/1.1" 200 39 2 Mozilla/5.0 (Windows NT 10.0; Win64; x64) AppleWebKit/537.36 (KHTML, like Gecko) Chrome/77.0.3865.120 Safari/537.36
192.168.56.1 - - [25/Oct/2019:18:22:00 +0800] "GET /nacos/v1/cs/health HTTP/1.1" 200 2 1 Apache-HttpAsyncClient/4.1.3 (Java/1.8.0_91)
192.168.56.1 - - [25/Oct/2019:18:22:05 +0800] "GET /nacos/v1/cs/health HTTP/1.1" 200 2 7 Apache-HttpAsyncClient/4.1.3 (Java/1.8.0_91)
192.168.56.1 - - [25/Oct/2019:18:22:10 +0800] "GET /nacos/v1/cs/health HTTP/1.1" 200 2 5 Apache-HttpAsyncClient/4.1.3 (Java/1.8.0_91)
127.0.0.1 - - [25/Oct/2019:18:22:13 +0800] "GET /nacos/v1/ns/service/list?pageSize=2147483647&groupName=DEFAULT_GROUP&encoding=UTF-8&namespaceId=public&pageNo=1 HTTP/1.1" 200 32 8 Nacos-Java-Client:v1.0.0
192.168.56.1 - - [25/Oct/2019:18:22:15 +0800] "GET /nacos/v1/cs/health HTTP/1.1" 200 2 2 Apache-HttpAsyncClient/4.1.3 (Java/1.8.0_91)
192.168.56.1 - - [25/Oct/2019:18:22:20 +0800] "GET /nacos/v1/cs/health HTTP/1.1" 200 2 6 Apache-HttpAsyncClient/4.1.3 (Java/1.8.0_91)
127.0.0.1 - - [25/Oct/2019:18:22:23 +0800] "GET /nacos/v1/ns/service/list?pageSize=2147483647&groupName=DEFAULT_GROUP&encoding=UTF-8&namespaceId=public&pageNo=1 HTTP/1.1" 200 32 2 Nacos-Java-Client:v1.0.0
192.168.56.1 - - [25/Oct/2019:18:22:25 +0800] "GET /nacos/v1/cs/health HTTP/1.1" 200 2 6 Apache-HttpAsyncClient/4.1.3 (Java/1.8.0_91)
192.168.56.1 - - [25/Oct/2019:18:22:30 +0800] "GET /nacos/v1/cs/health HTTP/1.1" 200 2 2 Apache-HttpAsyncClient/4.1.3 (Java/1.8.0_91)
192.168.56.1 - - [25/Oct/2019:18:22:35 +0800] "GET /nacos/v1/cs/health HTTP/1.1" 200 2 2 Apache-HttpAsyncClient/4.1.3 (Java/1.8.0_91)
192.168.56.1 - - [25/Oct/2019:18:22:40 +0800] "GET /nacos/v1/cs/health HTTP/1.1" 200 2 1 Apache-HttpAsyncClient/4.1.3 (Java/1.8.0_91)
127.0.0.1 - - [25/Oct/2019:18:22:43 +0800] "GET /nacos/v1/ns/service/list?pageSize=2147483647&groupName=DEFAULT_GROUP&encoding=UTF-8&namespaceId=public&pageNo=1 HTTP/1.1" 200 32 9 Nacos-Java-Client:v1.0.0
192.168.56.1 - - [25/Oct/2019:18:22:45 +0800] "GET /nacos/v1/cs/health HTTP/1.1" 200 2 2 Apache-HttpAsyncClient/4.1.3 (Java/1.8.0_91)
192.168.56.1 - - [25/Oct/2019:18:22:50 +0800] "GET /nacos/v1/cs/health HTTP/1.1" 200 2 7 Apache-HttpAsyncClient/4.1.3 (Java/1.8.0_91)
127.0.0.1 - - [25/Oct/2019:18:22:53 +0800] "GET /nacos/v1/ns/service/list?pageSize=2147483647&groupName=DEFAULT_GROUP&encoding=UTF-8&namespaceId=public&pageNo=1 HTTP/1.1" 200 32 5 Nacos-Java-Client:v1.0.0
192.168.56.1 - - [25/Oct/2019:18:22:55 +0800] "GET /nacos/v1/cs/health HTTP/1.1" 200 2 1 Apache-HttpAsyncClient/4.1.3 (Java/1.8.0_91)
192.168.56.1 - - [25/Oct/2019:18:23:00 +0800] "GET /nacos/v1/cs/health HTTP/1.1" 200 2 2 Apache-HttpAsyncClient/4.1.3 (Java/1.8.0_91)
192.168.56.1 - - [25/Oct/2019:18:23:05 +0800] "GET /nacos/v1/cs/health HTTP/1.1" 200 2 2 Apache-HttpAsyncClient/4.1.3 (Java/1.8.0_91)
192.168.56.1 - - [25/Oct/2019:18:23:10 +0800] "GET /nacos/v1/cs/health HTTP/1.1" 200 2 2 Apache-HttpAsyncClient/4.1.3 (Java/1.8.0_91)
127.0.0.1 - - [25/Oct/2019:18:23:13 +0800] "GET /nacos/v1/ns/service/list?pageSize=2147483647&groupName=DEFAULT_GROUP&encoding=UTF-8&namespaceId=public&pageNo=1 HTTP/1.1" 200 32 2 Nacos-Java-Client:v1.0.0
192.168.56.1 - - [25/Oct/2019:18:23:15 +0800] "GET /nacos/v1/cs/health HTTP/1.1" 200 2 1 Apache-HttpAsyncClient/4.1.3 (Java/1.8.0_91)
192.168.56.1 - - [25/Oct/2019:18:23:20 +0800] "GET /nacos/v1/cs/health HTTP/1.1" 200 2 6 Apache-HttpAsyncClient/4.1.3 (Java/1.8.0_91)
127.0.0.1 - - [25/Oct/2019:18:23:23 +0800] "GET /nacos/v1/ns/service/list?pageSize=2147483647&groupName=DEFAULT_GROUP&encoding=UTF-8&namespaceId=public&pageNo=1 HTTP/1.1" 200 32 4 Nacos-Java-Client:v1.0.0
192.168.56.1 - - [25/Oct/2019:18:23:25 +0800] "GET /nacos/v1/cs/health HTTP/1.1" 200 2 4 Apache-HttpAsyncClient/4.1.3 (Java/1.8.0_91)
192.168.56.1 - - [25/Oct/2019:18:23:30 +0800] "GET /nacos/v1/cs/health HTTP/1.1" 200 2 1 Apache-HttpAsyncClient/4.1.3 (Java/1.8.0_91)
192.168.56.1 - - [25/Oct/2019:18:23:35 +0800] "GET /nacos/v1/cs/health HTTP/1.1" 200 2 3 Apache-HttpAsyncClient/4.1.3 (Java/1.8.0_91)
192.168.56.1 - - [25/Oct/2019:18:23:40 +0800] "GET /nacos/v1/cs/health HTTP/1.1" 200 2 5 Apache-HttpAsyncClient/4.1.3 (Java/1.8.0_91)
127.0.0.1 - - [25/Oct/2019:18:23:43 +0800] "GET /nacos/v1/ns/service/list?pageSize=2147483647&groupName=DEFAULT_GROUP&encoding=UTF-8&namespaceId=public&pageNo=1 HTTP/1.1" 200 32 2 Nacos-Java-Client:v1.0.0
192.168.56.1 - - [25/Oct/2019:18:23:45 +0800] "GET /nacos/v1/cs/health HTTP/1.1" 200 2 2 Apache-HttpAsyncClient/4.1.3 (Java/1.8.0_91)
192.168.56.1 - - [25/Oct/2019:18:23:50 +0800] "GET /nacos/v1/cs/health HTTP/1.1" 200 2 2 Apache-HttpAsyncClient/4.1.3 (Java/1.8.0_91)
127.0.0.1 - - [25/Oct/2019:18:23:53 +0800] "GET /nacos/v1/ns/service/list?pageSize=2147483647&groupName=DEFAULT_GROUP&encoding=UTF-8&namespaceId=public&pageNo=1 HTTP/1.1" 200 32 2 Nacos-Java-Client:v1.0.0
192.168.56.1 - - [25/Oct/2019:18:23:55 +0800] "GET /nacos/v1/cs/health HTTP/1.1" 200 2 4 Apache-HttpAsyncClient/4.1.3 (Java/1.8.0_91)
192.168.56.1 - - [25/Oct/2019:18:24:00 +0800] "GET /nacos/v1/cs/health HTTP/1.1" 200 2 2 Apache-HttpAsyncClient/4.1.3 (Java/1.8.0_91)
192.168.56.1 - - [25/Oct/2019:18:24:05 +0800] "GET /nacos/v1/cs/health HTTP/1.1" 200 2 1 Apache-HttpAsyncClient/4.1.3 (Java/1.8.0_91)
192.168.56.1 - - [25/Oct/2019:18:24:10 +0800] "GET /nacos/v1/cs/health HTTP/1.1" 200 2 4 Apache-HttpAsyncClient/4.1.3 (Java/1.8.0_91)
127.0.0.1 - - [25/Oct/2019:18:24:13 +0800] "GET /nacos/v1/ns/service/list?pageSize=2147483647&groupName=DEFAULT_GROUP&encoding=UTF-8&namespaceId=public&pageNo=1 HTTP/1.1" 200 32 2 Nacos-Java-Client:v1.0.0
192.168.56.1 - - [25/Oct/2019:18:24:15 +0800] "GET /nacos/v1/cs/health HTTP/1.1" 200 2 1 Apache-HttpAsyncClient/4.1.3 (Java/1.8.0_91)
192.168.56.1 - - [25/Oct/2019:18:24:20 +0800] "GET /nacos/v1/cs/health HTTP/1.1" 200 2 3 Apache-HttpAsyncClient/4.1.3 (Java/1.8.0_91)
127.0.0.1 - - [25/Oct/2019:18:24:23 +0800] "GET /nacos/v1/ns/service/list?pageSize=2147483647&groupName=DEFAULT_GROUP&encoding=UTF-8&namespaceId=public&pageNo=1 HTTP/1.1" 200 32 2 Nacos-Java-Client:v1.0.0
192.168.56.1 - - [25/Oct/2019:18:24:25 +0800] "GET /nacos/v1/cs/health HTTP/1.1" 200 2 2 Apache-HttpAsyncClient/4.1.3 (Java/1.8.0_91)
192.168.56.1 - - [25/Oct/2019:18:24:30 +0800] "GET /nacos/v1/cs/health HTTP/1.1" 200 2 2 Apache-HttpAsyncClient/4.1.3 (Java/1.8.0_91)
192.168.56.1 - - [25/Oct/2019:18:24:35 +0800] "GET /nacos/v1/cs/health HTTP/1.1" 200 2 3 Apache-HttpAsyncClient/4.1.3 (Java/1.8.0_91)
192.168.56.1 - - [25/Oct/2019:18:24:40 +0800] "GET /nacos/v1/cs/health HTTP/1.1" 200 2 1 Apache-HttpAsyncClient/4.1.3 (Java/1.8.0_91)
127.0.0.1 - - [25/Oct/2019:18:24:43 +0800] "GET /nacos/v1/ns/service/list?pageSize=2147483647&groupName=DEFAULT_GROUP&encoding=UTF-8&namespaceId=public&pageNo=1 HTTP/1.1" 200 32 8 Nacos-Java-Client:v1.0.0
192.168.56.1 - - [25/Oct/2019:18:24:45 +0800] "GET /nacos/v1/cs/health HTTP/1.1" 200 2 2 Apache-HttpAsyncClient/4.1.3 (Java/1.8.0_91)
192.168.56.1 - - [25/Oct/2019:18:24:50 +0800] "GET /nacos/v1/cs/health HTTP/1.1" 200 2 4 Apache-HttpAsyncClient/4.1.3 (Java/1.8.0_91)
127.0.0.1 - - [25/Oct/2019:18:24:53 +0800] "GET /nacos/v1/ns/service/list?pageSize=2147483647&groupName=DEFAULT_GROUP&encoding=UTF-8&namespaceId=public&pageNo=1 HTTP/1.1" 200 32 2 Nacos-Java-Client:v1.0.0
192.168.56.1 - - [25/Oct/2019:18:24:55 +0800] "GET /nacos/v1/cs/health HTTP/1.1" 200 2 3 Apache-HttpAsyncClient/4.1.3 (Java/1.8.0_91)
192.168.56.1 - - [25/Oct/2019:18:25:00 +0800] "GET /nacos/v1/cs/health HTTP/1.1" 200 2 3 Apache-HttpAsyncClient/4.1.3 (Java/1.8.0_91)
192.168.56.1 - - [25/Oct/2019:18:25:05 +0800] "GET /nacos/v1/cs/health HTTP/1.1" 200 2 1 Apache-HttpAsyncClient/4.1.3 (Java/1.8.0_91)
192.168.56.1 - - [25/Oct/2019:18:25:10 +0800] "GET /nacos/v1/cs/health HTTP/1.1" 200 2 2 Apache-HttpAsyncClient/4.1.3 (Java/1.8.0_91)
127.0.0.1 - - [25/Oct/2019:18:25:13 +0800] "GET /nacos/v1/ns/service/list?pageSize=2147483647&groupName=DEFAULT_GROUP&encoding=UTF-8&namespaceId=public&pageNo=1 HTTP/1.1" 200 32 2 Nacos-Java-Client:v1.0.0
192.168.56.1 - - [25/Oct/2019:18:25:15 +0800] "GET /nacos/v1/cs/health HTTP/1.1" 200 2 1 Apache-HttpAsyncClient/4.1.3 (Java/1.8.0_91)
192.168.56.1 - - [25/Oct/2019:18:25:20 +0800] "GET /nacos/v1/cs/health HTTP/1.1" 200 2 9 Apache-HttpAsyncClient/4.1.3 (Java/1.8.0_91)
127.0.0.1 - - [25/Oct/2019:18:25:23 +0800] "GET /nacos/v1/ns/service/list?pageSize=2147483647&groupName=DEFAULT_GROUP&encoding=UTF-8&namespaceId=public&pageNo=1 HTTP/1.1" 200 32 2 Nacos-Java-Client:v1.0.0
192.168.56.1 - - [25/Oct/2019:18:25:25 +0800] "GET /nacos/v1/cs/health HTTP/1.1" 200 2 2 Apache-HttpAsyncClient/4.1.3 (Java/1.8.0_91)
192.168.56.1 - - [25/Oct/2019:18:25:30 +0800] "GET /nacos/v1/cs/health HTTP/1.1" 200 2 2 Apache-HttpAsyncClient/4.1.3 (Java/1.8.0_91)
192.168.56.1 - - [25/Oct/2019:18:25:35 +0800] "GET /nacos/v1/cs/health HTTP/1.1" 200 2 1 Apache-HttpAsyncClient/4.1.3 (Java/1.8.0_91)
192.168.56.1 - - [25/Oct/2019:18:25:40 +0800] "GET /nacos/v1/cs/health HTTP/1.1" 200 2 2 Apache-HttpAsyncClient/4.1.3 (Java/1.8.0_91)
127.0.0.1 - - [25/Oct/2019:18:25:43 +0800] "GET /nacos/v1/ns/service/list?pageSize=2147483647&groupName=DEFAULT_GROUP&encoding=UTF-8&namespaceId=public&pageNo=1 HTTP/1.1" 200 32 3 Nacos-Java-Client:v1.0.0
192.168.56.1 - - [25/Oct/2019:18:25:45 +0800] "GET /nacos/v1/cs/health HTTP/1.1" 200 2 2 Apache-HttpAsyncClient/4.1.3 (Java/1.8.0_91)
192.168.56.1 - - [25/Oct/2019:18:25:50 +0800] "GET /nacos/v1/cs/health HTTP/1.1" 200 2 3 Apache-HttpAsyncClient/4.1.3 (Java/1.8.0_91)
127.0.0.1 - - [25/Oct/2019:18:25:53 +0800] "GET /nacos/v1/ns/service/list?pageSize=2147483647&groupName=DEFAULT_GROUP&encoding=UTF-8&namespaceId=public&pageNo=1 HTTP/1.1" 200 32 3 Nacos-Java-Client:v1.0.0
192.168.56.1 - - [25/Oct/2019:18:25:55 +0800] "GET /nacos/v1/cs/health HTTP/1.1" 200 2 2 Apache-HttpAsyncClient/4.1.3 (Java/1.8.0_91)
192.168.56.1 - - [25/Oct/2019:18:26:00 +0800] "GET /nacos/v1/cs/health HTTP/1.1" 200 2 1 Apache-HttpAsyncClient/4.1.3 (Java/1.8.0_91)
192.168.56.1 - - [25/Oct/2019:18:26:05 +0800] "GET /nacos/v1/cs/health HTTP/1.1" 200 2 2 Apache-HttpAsyncClient/4.1.3 (Java/1.8.0_91)
192.168.56.1 - - [25/Oct/2019:18:26:10 +0800] "GET /nacos/v1/cs/health HTTP/1.1" 200 2 1 Apache-HttpAsyncClient/4.1.3 (Java/1.8.0_91)
192.168.56.1 - - [25/Oct/2019:18:26:15 +0800] "GET /nacos/v1/cs/health HTTP/1.1" 200 2 2 Apache-HttpAsyncClient/4.1.3 (Java/1.8.0_91)
192.168.56.1 - - [25/Oct/2019:18:26:20 +0800] "GET /nacos/v1/cs/health HTTP/1.1" 200 2 3 Apache-HttpAsyncClient/4.1.3 (Java/1.8.0_91)
192.168.56.1 - - [25/Oct/2019:18:26:25 +0800] "GET /nacos/v1/cs/health HTTP/1.1" 200 2 2 Apache-HttpAsyncClient/4.1.3 (Java/1.8.0_91)
192.168.56.1 - - [25/Oct/2019:18:26:30 +0800] "GET /nacos/v1/cs/health HTTP/1.1" 200 2 5 Apache-HttpAsyncClient/4.1.3 (Java/1.8.0_91)
192.168.56.1 - - [25/Oct/2019:18:26:35 +0800] "GET /nacos/v1/cs/health HTTP/1.1" 200 2 3 Apache-HttpAsyncClient/4.1.3 (Java/1.8.0_91)
192.168.56.1 - - [25/Oct/2019:18:26:40 +0800] "GET /nacos/v1/cs/health HTTP/1.1" 200 2 2 Apache-HttpAsyncClient/4.1.3 (Java/1.8.0_91)
192.168.56.1 - - [25/Oct/2019:18:26:45 +0800] "GET /nacos/v1/cs/health HTTP/1.1" 200 2 2 Apache-HttpAsyncClient/4.1.3 (Java/1.8.0_91)
192.168.56.1 - - [25/Oct/2019:18:26:50 +0800] "GET /nacos/v1/cs/health HTTP/1.1" 200 2 9 Apache-HttpAsyncClient/4.1.3 (Java/1.8.0_91)
192.168.56.1 - - [25/Oct/2019:18:26:55 +0800] "GET /nacos/v1/cs/health HTTP/1.1" 200 2 4 Apache-HttpAsyncClient/4.1.3 (Java/1.8.0_91)
192.168.56.1 - - [25/Oct/2019:18:27:00 +0800] "GET /nacos/v1/cs/health HTTP/1.1" 200 2 1 Apache-HttpAsyncClient/4.1.3 (Java/1.8.0_91)
192.168.56.1 - - [25/Oct/2019:18:27:05 +0800] "GET /nacos/v1/cs/health HTTP/1.1" 200 2 4 Apache-HttpAsyncClient/4.1.3 (Java/1.8.0_91)
192.168.56.1 - - [25/Oct/2019:18:27:10 +0800] "GET /nacos/v1/cs/health HTTP/1.1" 200 2 1 Apache-HttpAsyncClient/4.1.3 (Java/1.8.0_91)
192.168.56.1 - - [25/Oct/2019:18:27:15 +0800] "GET /nacos/v1/cs/health HTTP/1.1" 200 2 2 Apache-HttpAsyncClient/4.1.3 (Java/1.8.0_91)
192.168.56.1 - - [25/Oct/2019:18:27:20 +0800] "GET /nacos/v1/cs/health HTTP/1.1" 200 2 2 Apache-HttpAsyncClient/4.1.3 (Java/1.8.0_91)
127.0.0.1 - - [25/Oct/2019:18:27:20 +0800] "GET /nacos/v1/ns/service/list?pageSize=2147483647&groupName=DEFAULT_GROUP&encoding=UTF-8&namespaceId=public&pageNo=1 HTTP/1.1" 200 32 4 Nacos-Java-Client:v1.0.0
127.0.0.1 - - [25/Oct/2019:18:27:20 +0800] "POST /nacos/v1/ns/instance?groupName=DEFAULT_GROUP&metadata=%7B%22preserved.register.source%22%3A%22SPRING_CLOUD%22%7D&namespaceId=public&port=8762&enable=true&healthy=true&clusterName=DEFAULT&ip=192.168.56.1&weight=1.0&ephemeral=true&serviceName=DEFAULT_GROUP%40%40nacos-provider&encoding=UTF-8 HTTP/1.1" 200 2 66 Nacos-Java-Client:v1.0.0
127.0.0.1 - - [25/Oct/2019:18:27:24 +0800] "PUT /nacos/v1/ns/instance/beat?beat=%7B%22cluster%22%3A%22DEFAULT%22%2C%22ip%22%3A%22192.168.56.1%22%2C%22metadata%22%3A%7B%22preserved.register.source%22%3A%22SPRING_CLOUD%22%7D%2C%22port%22%3A8762%2C%22scheduled%22%3Atrue%2C%22serviceName%22%3A%22DEFAULT_GROUP%40%40nacos-provider%22%2C%22weight%22%3A1.0%7D&serviceName=DEFAULT_GROUP%40%40nacos-provider&encoding=UTF-8&namespaceId=public HTTP/1.1" 200 38 13 Nacos-Java-Client:v1.0.0
192.168.56.1 - - [25/Oct/2019:18:27:25 +0800] "GET /nacos/v1/cs/health HTTP/1.1" 200 2 1 Apache-HttpAsyncClient/4.1.3 (Java/1.8.0_91)
127.0.0.1 - - [25/Oct/2019:18:27:28 +0800] "GET /nacos/v1/ns/service/list?pageSize=2147483647&groupName=DEFAULT_GROUP&encoding=UTF-8&namespaceId=public&pageNo=1 HTTP/1.1" 200 48 3 Nacos-Java-Client:v1.0.0
127.0.0.1 - - [25/Oct/2019:18:27:28 +0800] "GET /nacos/v1/ns/instance/list?healthyOnly=false&namespaceId=public&clientIP=192.168.99.1&serviceName=DEFAULT_GROUP%40%40nacos-provider&udpPort=51907&encoding=UTF-8 HTTP/1.1" 200 574 10 Nacos-Java-Client:v1.0.0
127.0.0.1 - - [25/Oct/2019:18:27:28 +0800] "POST /nacos/v1/ns/instance?groupName=DEFAULT_GROUP&metadata=%7B%22preserved.register.source%22%3A%22SPRING_CLOUD%22%7D&namespaceId=public&port=8763&enable=true&healthy=true&clusterName=DEFAULT&ip=192.168.56.1&weight=1.0&ephemeral=true&serviceName=DEFAULT_GROUP%40%40nacos-provider&encoding=UTF-8 HTTP/1.1" 200 2 2 Nacos-Java-Client:v1.0.0
127.0.0.1 - - [25/Oct/2019:18:27:29 +0800] "PUT /nacos/v1/ns/instance/beat?beat=%7B%22cluster%22%3A%22DEFAULT%22%2C%22ip%22%3A%22192.168.56.1%22%2C%22metadata%22%3A%7B%22preserved.register.source%22%3A%22SPRING_CLOUD%22%7D%2C%22port%22%3A8762%2C%22scheduled%22%3Atrue%2C%22serviceName%22%3A%22DEFAULT_GROUP%40%40nacos-provider%22%2C%22weight%22%3A1.0%7D&serviceName=DEFAULT_GROUP%40%40nacos-provider&encoding=UTF-8&namespaceId=public HTTP/1.1" 200 38 2 Nacos-Java-Client:v1.0.0
127.0.0.1 - - [25/Oct/2019:18:27:29 +0800] "GET /nacos/v1/ns/instance/list?healthyOnly=false&namespaceId=public&clientIP=192.168.99.1&serviceName=DEFAULT_GROUP%40%40nacos-provider&udpPort=51907&encoding=UTF-8 HTTP/1.1" 200 893 2 Nacos-Java-Client:v1.0.0
0:0:0:0:0:0:0:1 - - [25/Oct/2019:18:27:30 +0800] "GET /nacos/ HTTP/1.1" 304 - 3 Mozilla/5.0 (Windows NT 10.0; Win64; x64) AppleWebKit/537.36 (KHTML, like Gecko) Chrome/77.0.3865.120 Safari/537.36
192.168.56.1 - - [25/Oct/2019:18:27:30 +0800] "GET /nacos/v1/cs/health HTTP/1.1" 200 2 1 Apache-HttpAsyncClient/4.1.3 (Java/1.8.0_91)
0:0:0:0:0:0:0:1 - - [25/Oct/2019:18:27:30 +0800] "GET /nacos/v1/console/namespaces?namespaceId= HTTP/1.1" 200 130 5 Mozilla/5.0 (Windows NT 10.0; Win64; x64) AppleWebKit/537.36 (KHTML, like Gecko) Chrome/77.0.3865.120 Safari/537.36
0:0:0:0:0:0:0:1 - - [25/Oct/2019:18:27:30 +0800] "GET /nacos/v1/console/server/state HTTP/1.1" 200 82 3 Mozilla/5.0 (Windows NT 10.0; Win64; x64) AppleWebKit/537.36 (KHTML, like Gecko) Chrome/77.0.3865.120 Safari/537.36
0:0:0:0:0:0:0:1 - - [25/Oct/2019:18:27:30 +0800] "GET /nacos/v1/ns/catalog/services?hasIpCount=false&withInstances=false&pageNo=1&pageSize=10&serviceNameParam=&groupNameParam=&namespaceId= HTTP/1.1" 200 168 4 Mozilla/5.0 (Windows NT 10.0; Win64; x64) AppleWebKit/537.36 (KHTML, like Gecko) Chrome/77.0.3865.120 Safari/537.36
0:0:0:0:0:0:0:1 - - [25/Oct/2019:18:27:30 +0800] "GET /nacos/console-fe/public/img/favicon.ico HTTP/1.1" 200 4286 4 Mozilla/5.0 (Windows NT 10.0; Win64; x64) AppleWebKit/537.36 (KHTML, like Gecko) Chrome/77.0.3865.120 Safari/537.36
127.0.0.1 - - [25/Oct/2019:18:27:31 +0800] "PUT /nacos/v1/ns/instance/beat?beat=%7B%22cluster%22%3A%22DEFAULT%22%2C%22ip%22%3A%22192.168.56.1%22%2C%22metadata%22%3A%7B%22preserved.register.source%22%3A%22SPRING_CLOUD%22%7D%2C%22port%22%3A8763%2C%22scheduled%22%3Atrue%2C%22serviceName%22%3A%22DEFAULT_GROUP%40%40nacos-provider%22%2C%22weight%22%3A1.0%7D&serviceName=DEFAULT_GROUP%40%40nacos-provider&encoding=UTF-8&namespaceId=public HTTP/1.1" 200 38 2 Nacos-Java-Client:v1.0.0
127.0.0.1 - - [25/Oct/2019:18:27:34 +0800] "PUT /nacos/v1/ns/instance/beat?beat=%7B%22cluster%22%3A%22DEFAULT%22%2C%22ip%22%3A%22192.168.56.1%22%2C%22metadata%22%3A%7B%22preserved.register.source%22%3A%22SPRING_CLOUD%22%7D%2C%22port%22%3A8762%2C%22scheduled%22%3Atrue%2C%22serviceName%22%3A%22DEFAULT_GROUP%40%40nacos-provider%22%2C%22weight%22%3A1.0%7D&serviceName=DEFAULT_GROUP%40%40nacos-provider&encoding=UTF-8&namespaceId=public HTTP/1.1" 200 38 5 Nacos-Java-Client:v1.0.0
192.168.56.1 - - [25/Oct/2019:18:27:35 +0800] "GET /nacos/v1/cs/health HTTP/1.1" 200 2 2 Apache-HttpAsyncClient/4.1.3 (Java/1.8.0_91)
0:0:0:0:0:0:0:1 - - [25/Oct/2019:18:27:35 +0800] "GET /nacos/ HTTP/1.1" 304 - 3 Mozilla/5.0 (Windows NT 10.0; Win64; x64) AppleWebKit/537.36 (KHTML, like Gecko) Chrome/77.0.3865.120 Safari/537.36
0:0:0:0:0:0:0:1 - - [25/Oct/2019:18:27:35 +0800] "GET /nacos/v1/console/namespaces?namespaceId= HTTP/1.1" 200 130 3 Mozilla/5.0 (Windows NT 10.0; Win64; x64) AppleWebKit/537.36 (KHTML, like Gecko) Chrome/77.0.3865.120 Safari/537.36
0:0:0:0:0:0:0:1 - - [25/Oct/2019:18:27:35 +0800] "GET /nacos/v1/console/server/state HTTP/1.1" 200 82 2 Mozilla/5.0 (Windows NT 10.0; Win64; x64) AppleWebKit/537.36 (KHTML, like Gecko) Chrome/77.0.3865.120 Safari/537.36
0:0:0:0:0:0:0:1 - - [25/Oct/2019:18:27:36 +0800] "GET /nacos/v1/ns/catalog/services?hasIpCount=false&withInstances=false&pageNo=1&pageSize=10&serviceNameParam=&groupNameParam=&namespaceId= HTTP/1.1" 200 168 2 Mozilla/5.0 (Windows NT 10.0; Win64; x64) AppleWebKit/537.36 (KHTML, like Gecko) Chrome/77.0.3865.120 Safari/537.36
0:0:0:0:0:0:0:1 - - [25/Oct/2019:18:27:36 +0800] "GET /nacos/console-fe/public/img/favicon.ico HTTP/1.1" 200 4286 2 Mozilla/5.0 (Windows NT 10.0; Win64; x64) AppleWebKit/537.36 (KHTML, like Gecko) Chrome/77.0.3865.120 Safari/537.36
0:0:0:0:0:0:0:1 - - [25/Oct/2019:18:27:36 +0800] "GET /nacos/ HTTP/1.1" 304 - 3 Mozilla/5.0 (Windows NT 10.0; Win64; x64) AppleWebKit/537.36 (KHTML, like Gecko) Chrome/77.0.3865.120 Safari/537.36
0:0:0:0:0:0:0:1 - - [25/Oct/2019:18:27:36 +0800] "GET /nacos/v1/console/namespaces?namespaceId= HTTP/1.1" 200 130 3 Mozilla/5.0 (Windows NT 10.0; Win64; x64) AppleWebKit/537.36 (KHTML, like Gecko) Chrome/77.0.3865.120 Safari/537.36
0:0:0:0:0:0:0:1 - - [25/Oct/2019:18:27:36 +0800] "GET /nacos/v1/console/server/state HTTP/1.1" 200 82 1 Mozilla/5.0 (Windows NT 10.0; Win64; x64) AppleWebKit/537.36 (KHTML, like Gecko) Chrome/77.0.3865.120 Safari/537.36
0:0:0:0:0:0:0:1 - - [25/Oct/2019:18:27:36 +0800] "GET /nacos/v1/ns/catalog/services?hasIpCount=false&withInstances=false&pageNo=1&pageSize=10&serviceNameParam=&groupNameParam=&namespaceId= HTTP/1.1" 200 168 2 Mozilla/5.0 (Windows NT 10.0; Win64; x64) AppleWebKit/537.36 (KHTML, like Gecko) Chrome/77.0.3865.120 Safari/537.36
0:0:0:0:0:0:0:1 - - [25/Oct/2019:18:27:36 +0800] "GET /nacos/console-fe/public/img/favicon.ico HTTP/1.1" 200 4286 2 Mozilla/5.0 (Windows NT 10.0; Win64; x64) AppleWebKit/537.36 (KHTML, like Gecko) Chrome/77.0.3865.120 Safari/537.36
127.0.0.1 - - [25/Oct/2019:18:27:36 +0800] "PUT /nacos/v1/ns/instance/beat?beat=%7B%22cluster%22%3A%22DEFAULT%22%2C%22ip%22%3A%22192.168.56.1%22%2C%22metadata%22%3A%7B%22preserved.register.source%22%3A%22SPRING_CLOUD%22%7D%2C%22port%22%3A8763%2C%22scheduled%22%3Atrue%2C%22serviceName%22%3A%22DEFAULT_GROUP%40%40nacos-provider%22%2C%22weight%22%3A1.0%7D&serviceName=DEFAULT_GROUP%40%40nacos-provider&encoding=UTF-8&namespaceId=public HTTP/1.1" 200 38 3 Nacos-Java-Client:v1.0.0
0:0:0:0:0:0:0:1 - - [25/Oct/2019:18:27:37 +0800] "GET /nacos/ HTTP/1.1" 304 - 3 Mozilla/5.0 (Windows NT 10.0; Win64; x64) AppleWebKit/537.36 (KHTML, like Gecko) Chrome/77.0.3865.120 Safari/537.36
0:0:0:0:0:0:0:1 - - [25/Oct/2019:18:27:37 +0800] "GET /nacos/v1/console/namespaces?namespaceId= HTTP/1.1" 200 130 3 Mozilla/5.0 (Windows NT 10.0; Win64; x64) AppleWebKit/537.36 (KHTML, like Gecko) Chrome/77.0.3865.120 Safari/537.36
0:0:0:0:0:0:0:1 - - [25/Oct/2019:18:27:37 +0800] "GET /nacos/v1/console/server/state HTTP/1.1" 200 82 2 Mozilla/5.0 (Windows NT 10.0; Win64; x64) AppleWebKit/537.36 (KHTML, like Gecko) Chrome/77.0.3865.120 Safari/537.36
0:0:0:0:0:0:0:1 - - [25/Oct/2019:18:27:37 +0800] "GET /nacos/v1/ns/catalog/services?hasIpCount=false&withInstances=false&pageNo=1&pageSize=10&serviceNameParam=&groupNameParam=&namespaceId= HTTP/1.1" 200 168 1 Mozilla/5.0 (Windows NT 10.0; Win64; x64) AppleWebKit/537.36 (KHTML, like Gecko) Chrome/77.0.3865.120 Safari/537.36
0:0:0:0:0:0:0:1 - - [25/Oct/2019:18:27:37 +0800] "GET /nacos/console-fe/public/img/favicon.ico HTTP/1.1" 200 4286 1 Mozilla/5.0 (Windows NT 10.0; Win64; x64) AppleWebKit/537.36 (KHTML, like Gecko) Chrome/77.0.3865.120 Safari/537.36
127.0.0.1 - - [25/Oct/2019:18:27:39 +0800] "PUT /nacos/v1/ns/instance/beat?beat=%7B%22cluster%22%3A%22DEFAULT%22%2C%22ip%22%3A%22192.168.56.1%22%2C%22metadata%22%3A%7B%22preserved.register.source%22%3A%22SPRING_CLOUD%22%7D%2C%22port%22%3A8762%2C%22scheduled%22%3Atrue%2C%22serviceName%22%3A%22DEFAULT_GROUP%40%40nacos-provider%22%2C%22weight%22%3A1.0%7D&serviceName=DEFAULT_GROUP%40%40nacos-provider&encoding=UTF-8&namespaceId=public HTTP/1.1" 200 38 2 Nacos-Java-Client:v1.0.0
127.0.0.1 - - [25/Oct/2019:18:27:39 +0800] "GET /nacos/v1/ns/instance/list?healthyOnly=false&namespaceId=public&clientIP=192.168.99.1&serviceName=DEFAULT_GROUP%40%40nacos-provider&udpPort=51907&encoding=UTF-8 HTTP/1.1" 200 893 2 Nacos-Java-Client:v1.0.0
192.168.56.1 - - [25/Oct/2019:18:27:40 +0800] "GET /nacos/v1/cs/health HTTP/1.1" 200 2 2 Apache-HttpAsyncClient/4.1.3 (Java/1.8.0_91)
127.0.0.1 - - [25/Oct/2019:18:27:41 +0800] "PUT /nacos/v1/ns/instance/beat?beat=%7B%22cluster%22%3A%22DEFAULT%22%2C%22ip%22%3A%22192.168.56.1%22%2C%22metadata%22%3A%7B%22preserved.register.source%22%3A%22SPRING_CLOUD%22%7D%2C%22port%22%3A8763%2C%22scheduled%22%3Atrue%2C%22serviceName%22%3A%22DEFAULT_GROUP%40%40nacos-provider%22%2C%22weight%22%3A1.0%7D&serviceName=DEFAULT_GROUP%40%40nacos-provider&encoding=UTF-8&namespaceId=public HTTP/1.1" 200 38 2 Nacos-Java-Client:v1.0.0
0:0:0:0:0:0:0:1 - - [25/Oct/2019:18:27:43 +0800] "GET /nacos/v1/ns/catalog/services?hasIpCount=true&withInstances=false&pageNo=1&pageSize=10&serviceNameParam=&groupNameParam=&namespaceId= HTTP/1.1" 200 168 2 Mozilla/5.0 (Windows NT 10.0; Win64; x64) AppleWebKit/537.36 (KHTML, like Gecko) Chrome/77.0.3865.120 Safari/537.36
127.0.0.1 - - [25/Oct/2019:18:27:44 +0800] "PUT /nacos/v1/ns/instance/beat?beat=%7B%22cluster%22%3A%22DEFAULT%22%2C%22ip%22%3A%22192.168.56.1%22%2C%22metadata%22%3A%7B%22preserved.register.source%22%3A%22SPRING_CLOUD%22%7D%2C%22port%22%3A8762%2C%22scheduled%22%3Atrue%2C%22serviceName%22%3A%22DEFAULT_GROUP%40%40nacos-provider%22%2C%22weight%22%3A1.0%7D&serviceName=DEFAULT_GROUP%40%40nacos-provider&encoding=UTF-8&namespaceId=public HTTP/1.1" 200 38 2 Nacos-Java-Client:v1.0.0
192.168.56.1 - - [25/Oct/2019:18:27:45 +0800] "GET /nacos/v1/cs/health HTTP/1.1" 200 2 2 Apache-HttpAsyncClient/4.1.3 (Java/1.8.0_91)
127.0.0.1 - - [25/Oct/2019:18:27:46 +0800] "PUT /nacos/v1/ns/instance/beat?beat=%7B%22cluster%22%3A%22DEFAULT%22%2C%22ip%22%3A%22192.168.56.1%22%2C%22metadata%22%3A%7B%22preserved.register.source%22%3A%22SPRING_CLOUD%22%7D%2C%22port%22%3A8763%2C%22scheduled%22%3Atrue%2C%22serviceName%22%3A%22DEFAULT_GROUP%40%40nacos-provider%22%2C%22weight%22%3A1.0%7D&serviceName=DEFAULT_GROUP%40%40nacos-provider&encoding=UTF-8&namespaceId=public HTTP/1.1" 200 38 2 Nacos-Java-Client:v1.0.0
127.0.0.1 - - [25/Oct/2019:18:27:49 +0800] "PUT /nacos/v1/ns/instance/beat?beat=%7B%22cluster%22%3A%22DEFAULT%22%2C%22ip%22%3A%22192.168.56.1%22%2C%22metadata%22%3A%7B%22preserved.register.source%22%3A%22SPRING_CLOUD%22%7D%2C%22port%22%3A8762%2C%22scheduled%22%3Atrue%2C%22serviceName%22%3A%22DEFAULT_GROUP%40%40nacos-provider%22%2C%22weight%22%3A1.0%7D&serviceName=DEFAULT_GROUP%40%40nacos-provider&encoding=UTF-8&namespaceId=public HTTP/1.1" 200 38 2 Nacos-Java-Client:v1.0.0
127.0.0.1 - - [25/Oct/2019:18:27:49 +0800] "GET /nacos/v1/ns/instance/list?healthyOnly=false&namespaceId=public&clientIP=192.168.99.1&serviceName=DEFAULT_GROUP%40%40nacos-provider&udpPort=51907&encoding=UTF-8 HTTP/1.1" 200 893 1 Nacos-Java-Client:v1.0.0
192.168.56.1 - - [25/Oct/2019:18:27:50 +0800] "GET /nacos/v1/cs/health HTTP/1.1" 200 2 6 Apache-HttpAsyncClient/4.1.3 (Java/1.8.0_91)
127.0.0.1 - - [25/Oct/2019:18:27:50 +0800] "GET /nacos/v1/ns/service/list?pageSize=2147483647&groupName=DEFAULT_GROUP&encoding=UTF-8&namespaceId=public&pageNo=1 HTTP/1.1" 200 48 2 Nacos-Java-Client:v1.0.0
127.0.0.1 - - [25/Oct/2019:18:27:50 +0800] "GET /nacos/v1/ns/instance/list?healthyOnly=false&namespaceId=public&clientIP=192.168.99.1&serviceName=DEFAULT_GROUP%40%40nacos-provider&udpPort=56300&encoding=UTF-8 HTTP/1.1" 200 893 2 Nacos-Java-Client:v1.0.0
0:0:0:0:0:0:0:1 - - [25/Oct/2019:18:27:51 +0800] "GET /nacos/v1/ns/catalog/service?serviceName=nacos-provider&groupName=DEFAULT_GROUP&namespaceId= HTTP/1.1" 200 326 10 Mozilla/5.0 (Windows NT 10.0; Win64; x64) AppleWebKit/537.36 (KHTML, like Gecko) Chrome/77.0.3865.120 Safari/537.36
0:0:0:0:0:0:0:1 - - [25/Oct/2019:18:27:51 +0800] "GET /nacos/v1/ns/catalog/instances?serviceName=nacos-provider&clusterName=DEFAULT&groupName=DEFAULT_GROUP&pageSize=10&pageNo=1&namespaceId= HTTP/1.1" 200 1278 14 Mozilla/5.0 (Windows NT 10.0; Win64; x64) AppleWebKit/537.36 (KHTML, like Gecko) Chrome/77.0.3865.120 Safari/537.36
127.0.0.1 - - [25/Oct/2019:18:27:51 +0800] "PUT /nacos/v1/ns/instance/beat?beat=%7B%22cluster%22%3A%22DEFAULT%22%2C%22ip%22%3A%22192.168.56.1%22%2C%22metadata%22%3A%7B%22preserved.register.source%22%3A%22SPRING_CLOUD%22%7D%2C%22port%22%3A8763%2C%22scheduled%22%3Atrue%2C%22serviceName%22%3A%22DEFAULT_GROUP%40%40nacos-provider%22%2C%22weight%22%3A1.0%7D&serviceName=DEFAULT_GROUP%40%40nacos-provider&encoding=UTF-8&namespaceId=public HTTP/1.1" 200 38 2 Nacos-Java-Client:v1.0.0
127.0.0.1 - - [25/Oct/2019:18:27:51 +0800] "GET /nacos/v1/ns/instance/list?healthyOnly=false&namespaceId=public&clientIP=192.168.99.1&serviceName=DEFAULT_GROUP%40%40nacos-provider&udpPort=56300&encoding=UTF-8 HTTP/1.1" 200 893 2 Nacos-Java-Client:v1.0.0
127.0.0.1 - - [25/Oct/2019:18:27:54 +0800] "PUT /nacos/v1/ns/instance/beat?beat=%7B%22cluster%22%3A%22DEFAULT%22%2C%22ip%22%3A%22192.168.56.1%22%2C%22metadata%22%3A%7B%22preserved.register.source%22%3A%22SPRING_CLOUD%22%7D%2C%22port%22%3A8762%2C%22scheduled%22%3Atrue%2C%22serviceName%22%3A%22DEFAULT_GROUP%40%40nacos-provider%22%2C%22weight%22%3A1.0%7D&serviceName=DEFAULT_GROUP%40%40nacos-provider&encoding=UTF-8&namespaceId=public HTTP/1.1" 200 38 2 Nacos-Java-Client:v1.0.0
192.168.56.1 - - [25/Oct/2019:18:27:55 +0800] "GET /nacos/v1/cs/health HTTP/1.1" 200 2 4 Apache-HttpAsyncClient/4.1.3 (Java/1.8.0_91)
127.0.0.1 - - [25/Oct/2019:18:27:56 +0800] "PUT /nacos/v1/ns/instance/beat?beat=%7B%22cluster%22%3A%22DEFAULT%22%2C%22ip%22%3A%22192.168.56.1%22%2C%22metadata%22%3A%7B%22preserved.register.source%22%3A%22SPRING_CLOUD%22%7D%2C%22port%22%3A8763%2C%22scheduled%22%3Atrue%2C%22serviceName%22%3A%22DEFAULT_GROUP%40%40nacos-provider%22%2C%22weight%22%3A1.0%7D&serviceName=DEFAULT_GROUP%40%40nacos-provider&encoding=UTF-8&namespaceId=public HTTP/1.1" 200 38 2 Nacos-Java-Client:v1.0.0
127.0.0.1 - - [25/Oct/2019:18:27:58 +0800] "GET /nacos/v1/ns/service/list?pageSize=2147483647&groupName=DEFAULT_GROUP&encoding=UTF-8&namespaceId=public&pageNo=1 HTTP/1.1" 200 48 1 Nacos-Java-Client:v1.0.0
127.0.0.1 - - [25/Oct/2019:18:27:59 +0800] "PUT /nacos/v1/ns/instance/beat?beat=%7B%22cluster%22%3A%22DEFAULT%22%2C%22ip%22%3A%22192.168.56.1%22%2C%22metadata%22%3A%7B%22preserved.register.source%22%3A%22SPRING_CLOUD%22%7D%2C%22port%22%3A8762%2C%22scheduled%22%3Atrue%2C%22serviceName%22%3A%22DEFAULT_GROUP%40%40nacos-provider%22%2C%22weight%22%3A1.0%7D&serviceName=DEFAULT_GROUP%40%40nacos-provider&encoding=UTF-8&namespaceId=public HTTP/1.1" 200 38 3 Nacos-Java-Client:v1.0.0
127.0.0.1 - - [25/Oct/2019:18:27:59 +0800] "GET /nacos/v1/ns/instance/list?healthyOnly=false&namespaceId=public&clientIP=192.168.99.1&serviceName=DEFAULT_GROUP%40%40nacos-provider&udpPort=51907&encoding=UTF-8 HTTP/1.1" 200 893 2 Nacos-Java-Client:v1.0.0
192.168.56.1 - - [25/Oct/2019:18:28:00 +0800] "GET /nacos/v1/cs/health HTTP/1.1" 200 2 2 Apache-HttpAsyncClient/4.1.3 (Java/1.8.0_91)
127.0.0.1 - - [25/Oct/2019:18:28:01 +0800] "PUT /nacos/v1/ns/instance/beat?beat=%7B%22cluster%22%3A%22DEFAULT%22%2C%22ip%22%3A%22192.168.56.1%22%2C%22metadata%22%3A%7B%22preserved.register.source%22%3A%22SPRING_CLOUD%22%7D%2C%22port%22%3A8763%2C%22scheduled%22%3Atrue%2C%22serviceName%22%3A%22DEFAULT_GROUP%40%40nacos-provider%22%2C%22weight%22%3A1.0%7D&serviceName=DEFAULT_GROUP%40%40nacos-provider&encoding=UTF-8&namespaceId=public HTTP/1.1" 200 38 5 Nacos-Java-Client:v1.0.0
127.0.0.1 - - [25/Oct/2019:18:28:01 +0800] "GET /nacos/v1/ns/instance/list?healthyOnly=false&namespaceId=public&clientIP=192.168.99.1&serviceName=DEFAULT_GROUP%40%40nacos-provider&udpPort=56300&encoding=UTF-8 HTTP/1.1" 200 893 1 Nacos-Java-Client:v1.0.0
127.0.0.1 - - [25/Oct/2019:18:28:04 +0800] "PUT /nacos/v1/ns/instance/beat?beat=%7B%22cluster%22%3A%22DEFAULT%22%2C%22ip%22%3A%22192.168.56.1%22%2C%22metadata%22%3A%7B%22preserved.register.source%22%3A%22SPRING_CLOUD%22%7D%2C%22port%22%3A8762%2C%22scheduled%22%3Atrue%2C%22serviceName%22%3A%22DEFAULT_GROUP%40%40nacos-provider%22%2C%22weight%22%3A1.0%7D&serviceName=DEFAULT_GROUP%40%40nacos-provider&encoding=UTF-8&namespaceId=public HTTP/1.1" 200 38 2 Nacos-Java-Client:v1.0.0
192.168.56.1 - - [25/Oct/2019:18:28:05 +0800] "GET /nacos/v1/cs/health HTTP/1.1" 200 2 4 Apache-HttpAsyncClient/4.1.3 (Java/1.8.0_91)
127.0.0.1 - - [25/Oct/2019:18:28:06 +0800] "PUT /nacos/v1/ns/instance/beat?beat=%7B%22cluster%22%3A%22DEFAULT%22%2C%22ip%22%3A%22192.168.56.1%22%2C%22metadata%22%3A%7B%22preserved.register.source%22%3A%22SPRING_CLOUD%22%7D%2C%22port%22%3A8763%2C%22scheduled%22%3Atrue%2C%22serviceName%22%3A%22DEFAULT_GROUP%40%40nacos-provider%22%2C%22weight%22%3A1.0%7D&serviceName=DEFAULT_GROUP%40%40nacos-provider&encoding=UTF-8&namespaceId=public HTTP/1.1" 200 38 3 Nacos-Java-Client:v1.0.0
127.0.0.1 - - [25/Oct/2019:18:28:09 +0800] "PUT /nacos/v1/ns/instance/beat?beat=%7B%22cluster%22%3A%22DEFAULT%22%2C%22ip%22%3A%22192.168.56.1%22%2C%22metadata%22%3A%7B%22preserved.register.source%22%3A%22SPRING_CLOUD%22%7D%2C%22port%22%3A8762%2C%22scheduled%22%3Atrue%2C%22serviceName%22%3A%22DEFAULT_GROUP%40%40nacos-provider%22%2C%22weight%22%3A1.0%7D&serviceName=DEFAULT_GROUP%40%40nacos-provider&encoding=UTF-8&namespaceId=public HTTP/1.1" 200 38 3 Nacos-Java-Client:v1.0.0
127.0.0.1 - - [25/Oct/2019:18:28:09 +0800] "GET /nacos/v1/ns/instance/list?healthyOnly=false&namespaceId=public&clientIP=192.168.99.1&serviceName=DEFAULT_GROUP%40%40nacos-provider&udpPort=51907&encoding=UTF-8 HTTP/1.1" 200 893 4 Nacos-Java-Client:v1.0.0
192.168.56.1 - - [25/Oct/2019:18:28:10 +0800] "GET /nacos/v1/cs/health HTTP/1.1" 200 2 2 Apache-HttpAsyncClient/4.1.3 (Java/1.8.0_91)
127.0.0.1 - - [25/Oct/2019:18:28:11 +0800] "PUT /nacos/v1/ns/instance/beat?beat=%7B%22cluster%22%3A%22DEFAULT%22%2C%22ip%22%3A%22192.168.56.1%22%2C%22metadata%22%3A%7B%22preserved.register.source%22%3A%22SPRING_CLOUD%22%7D%2C%22port%22%3A8763%2C%22scheduled%22%3Atrue%2C%22serviceName%22%3A%22DEFAULT_GROUP%40%40nacos-provider%22%2C%22weight%22%3A1.0%7D&serviceName=DEFAULT_GROUP%40%40nacos-provider&encoding=UTF-8&namespaceId=public HTTP/1.1" 200 38 2 Nacos-Java-Client:v1.0.0
127.0.0.1 - - [25/Oct/2019:18:28:11 +0800] "GET /nacos/v1/ns/instance/list?healthyOnly=false&namespaceId=public&clientIP=192.168.99.1&serviceName=DEFAULT_GROUP%40%40nacos-provider&udpPort=56300&encoding=UTF-8 HTTP/1.1" 200 893 4 Nacos-Java-Client:v1.0.0
127.0.0.1 - - [25/Oct/2019:18:28:14 +0800] "PUT /nacos/v1/ns/instance/beat?beat=%7B%22cluster%22%3A%22DEFAULT%22%2C%22ip%22%3A%22192.168.56.1%22%2C%22metadata%22%3A%7B%22preserved.register.source%22%3A%22SPRING_CLOUD%22%7D%2C%22port%22%3A8762%2C%22scheduled%22%3Atrue%2C%22serviceName%22%3A%22DEFAULT_GROUP%40%40nacos-provider%22%2C%22weight%22%3A1.0%7D&serviceName=DEFAULT_GROUP%40%40nacos-provider&encoding=UTF-8&namespaceId=public HTTP/1.1" 200 38 2 Nacos-Java-Client:v1.0.0
192.168.56.1 - - [25/Oct/2019:18:28:15 +0800] "GET /nacos/v1/cs/health HTTP/1.1" 200 2 3 Apache-HttpAsyncClient/4.1.3 (Java/1.8.0_91)
127.0.0.1 - - [25/Oct/2019:18:28:16 +0800] "PUT /nacos/v1/ns/instance/beat?beat=%7B%22cluster%22%3A%22DEFAULT%22%2C%22ip%22%3A%22192.168.56.1%22%2C%22metadata%22%3A%7B%22preserved.register.source%22%3A%22SPRING_CLOUD%22%7D%2C%22port%22%3A8763%2C%22scheduled%22%3Atrue%2C%22serviceName%22%3A%22DEFAULT_GROUP%40%40nacos-provider%22%2C%22weight%22%3A1.0%7D&serviceName=DEFAULT_GROUP%40%40nacos-provider&encoding=UTF-8&namespaceId=public HTTP/1.1" 200 38 2 Nacos-Java-Client:v1.0.0
127.0.0.1 - - [25/Oct/2019:18:28:19 +0800] "PUT /nacos/v1/ns/instance/beat?beat=%7B%22cluster%22%3A%22DEFAULT%22%2C%22ip%22%3A%22192.168.56.1%22%2C%22metadata%22%3A%7B%22preserved.register.source%22%3A%22SPRING_CLOUD%22%7D%2C%22port%22%3A8762%2C%22scheduled%22%3Atrue%2C%22serviceName%22%3A%22DEFAULT_GROUP%40%40nacos-provider%22%2C%22weight%22%3A1.0%7D&serviceName=DEFAULT_GROUP%40%40nacos-provider&encoding=UTF-8&namespaceId=public HTTP/1.1" 200 38 5 Nacos-Java-Client:v1.0.0
127.0.0.1 - - [25/Oct/2019:18:28:19 +0800] "GET /nacos/v1/ns/instance/list?healthyOnly=false&namespaceId=public&clientIP=192.168.99.1&serviceName=DEFAULT_GROUP%40%40nacos-provider&udpPort=51907&encoding=UTF-8 HTTP/1.1" 200 893 2 Nacos-Java-Client:v1.0.0
0:0:0:0:0:0:0:1 - - [25/Oct/2019:18:28:20 +0800] "GET /nacos/v1/ns/catalog/services?hasIpCount=true&withInstances=false&pageNo=1&pageSize=10&serviceNameParam=&groupNameParam=&namespaceId= HTTP/1.1" 200 168 3 Mozilla/5.0 (Windows NT 10.0; Win64; x64) AppleWebKit/537.36 (KHTML, like Gecko) Chrome/77.0.3865.120 Safari/537.36
192.168.56.1 - - [25/Oct/2019:18:28:20 +0800] "GET /nacos/v1/cs/health HTTP/1.1" 200 2 5 Apache-HttpAsyncClient/4.1.3 (Java/1.8.0_91)
127.0.0.1 - - [25/Oct/2019:18:28:20 +0800] "GET /nacos/v1/ns/service/list?pageSize=2147483647&groupName=DEFAULT_GROUP&encoding=UTF-8&namespaceId=public&pageNo=1 HTTP/1.1" 200 48 8 Nacos-Java-Client:v1.0.0
127.0.0.1 - - [25/Oct/2019:18:28:21 +0800] "PUT /nacos/v1/ns/instance/beat?beat=%7B%22cluster%22%3A%22DEFAULT%22%2C%22ip%22%3A%22192.168.56.1%22%2C%22metadata%22%3A%7B%22preserved.register.source%22%3A%22SPRING_CLOUD%22%7D%2C%22port%22%3A8763%2C%22scheduled%22%3Atrue%2C%22serviceName%22%3A%22DEFAULT_GROUP%40%40nacos-provider%22%2C%22weight%22%3A1.0%7D&serviceName=DEFAULT_GROUP%40%40nacos-provider&encoding=UTF-8&namespaceId=public HTTP/1.1" 200 38 2 Nacos-Java-Client:v1.0.0
127.0.0.1 - - [25/Oct/2019:18:28:21 +0800] "GET /nacos/v1/ns/instance/list?healthyOnly=false&namespaceId=public&clientIP=192.168.99.1&serviceName=DEFAULT_GROUP%40%40nacos-provider&udpPort=56300&encoding=UTF-8 HTTP/1.1" 200 893 2 Nacos-Java-Client:v1.0.0
0:0:0:0:0:0:0:1 - - [25/Oct/2019:18:28:23 +0800] "GET /nacos/v1/ns/operator/cluster/states?withInstances=false&pageNo=1&pageSize=10&keyword=&namespaceId= HTTP/1.1" 200 170 5 Mozilla/5.0 (Windows NT 10.0; Win64; x64) AppleWebKit/537.36 (KHTML, like Gecko) Chrome/77.0.3865.120 Safari/537.36
127.0.0.1 - - [25/Oct/2019:18:28:24 +0800] "PUT /nacos/v1/ns/instance/beat?beat=%7B%22cluster%22%3A%22DEFAULT%22%2C%22ip%22%3A%22192.168.56.1%22%2C%22metadata%22%3A%7B%22preserved.register.source%22%3A%22SPRING_CLOUD%22%7D%2C%22port%22%3A8762%2C%22scheduled%22%3Atrue%2C%22serviceName%22%3A%22DEFAULT_GROUP%40%40nacos-provider%22%2C%22weight%22%3A1.0%7D&serviceName=DEFAULT_GROUP%40%40nacos-provider&encoding=UTF-8&namespaceId=public HTTP/1.1" 200 38 1 Nacos-Java-Client:v1.0.0
192.168.56.1 - - [25/Oct/2019:18:28:25 +0800] "GET /nacos/v1/cs/health HTTP/1.1" 200 2 1 Apache-HttpAsyncClient/4.1.3 (Java/1.8.0_91)
127.0.0.1 - - [25/Oct/2019:18:28:26 +0800] "PUT /nacos/v1/ns/instance/beat?beat=%7B%22cluster%22%3A%22DEFAULT%22%2C%22ip%22%3A%22192.168.56.1%22%2C%22metadata%22%3A%7B%22preserved.register.source%22%3A%22SPRING_CLOUD%22%7D%2C%22port%22%3A8763%2C%22scheduled%22%3Atrue%2C%22serviceName%22%3A%22DEFAULT_GROUP%40%40nacos-provider%22%2C%22weight%22%3A1.0%7D&serviceName=DEFAULT_GROUP%40%40nacos-provider&encoding=UTF-8&namespaceId=public HTTP/1.1" 200 38 3 Nacos-Java-Client:v1.0.0
0:0:0:0:0:0:0:1 - - [25/Oct/2019:18:28:27 +0800] "GET /nacos/v1/ns/catalog/services?hasIpCount=true&withInstances=false&pageNo=1&pageSize=10&serviceNameParam=&groupNameParam=&namespaceId= HTTP/1.1" 200 168 2 Mozilla/5.0 (Windows NT 10.0; Win64; x64) AppleWebKit/537.36 (KHTML, like Gecko) Chrome/77.0.3865.120 Safari/537.36
127.0.0.1 - - [25/Oct/2019:18:28:28 +0800] "GET /nacos/v1/ns/service/list?pageSize=2147483647&groupName=DEFAULT_GROUP&encoding=UTF-8&namespaceId=public&pageNo=1 HTTP/1.1" 200 48 4 Nacos-Java-Client:v1.0.0
0:0:0:0:0:0:0:1 - - [25/Oct/2019:18:28:28 +0800] "GET /nacos/v1/cs/configs?search=accurate&dataId=&group=&appName=&config_tags=&pageNo=1&pageSize=10&tenant=&namespaceId= HTTP/1.1" 200 - 4 Mozilla/5.0 (Windows NT 10.0; Win64; x64) AppleWebKit/537.36 (KHTML, like Gecko) Chrome/77.0.3865.120 Safari/537.36
127.0.0.1 - - [25/Oct/2019:18:28:29 +0800] "PUT /nacos/v1/ns/instance/beat?beat=%7B%22cluster%22%3A%22DEFAULT%22%2C%22ip%22%3A%22192.168.56.1%22%2C%22metadata%22%3A%7B%22preserved.register.source%22%3A%22SPRING_CLOUD%22%7D%2C%22port%22%3A8762%2C%22scheduled%22%3Atrue%2C%22serviceName%22%3A%22DEFAULT_GROUP%40%40nacos-provider%22%2C%22weight%22%3A1.0%7D&serviceName=DEFAULT_GROUP%40%40nacos-provider&encoding=UTF-8&namespaceId=public HTTP/1.1" 200 38 1 Nacos-Java-Client:v1.0.0
127.0.0.1 - - [25/Oct/2019:18:28:29 +0800] "GET /nacos/v1/ns/instance/list?healthyOnly=false&namespaceId=public&clientIP=192.168.99.1&serviceName=DEFAULT_GROUP%40%40nacos-provider&udpPort=51907&encoding=UTF-8 HTTP/1.1" 200 893 8 Nacos-Java-Client:v1.0.0
192.168.56.1 - - [25/Oct/2019:18:28:30 +0800] "GET /nacos/v1/cs/health HTTP/1.1" 200 2 2 Apache-HttpAsyncClient/4.1.3 (Java/1.8.0_91)
0:0:0:0:0:0:0:1 - - [25/Oct/2019:18:28:30 +0800] "GET /nacos/v1/ns/catalog/services?hasIpCount=true&withInstances=false&pageNo=1&pageSize=10&serviceNameParam=&groupNameParam=&namespaceId= HTTP/1.1" 200 168 2 Mozilla/5.0 (Windows NT 10.0; Win64; x64) AppleWebKit/537.36 (KHTML, like Gecko) Chrome/77.0.3865.120 Safari/537.36
127.0.0.1 - - [25/Oct/2019:18:28:31 +0800] "PUT /nacos/v1/ns/instance/beat?beat=%7B%22cluster%22%3A%22DEFAULT%22%2C%22ip%22%3A%22192.168.56.1%22%2C%22metadata%22%3A%7B%22preserved.register.source%22%3A%22SPRING_CLOUD%22%7D%2C%22port%22%3A8763%2C%22scheduled%22%3Atrue%2C%22serviceName%22%3A%22DEFAULT_GROUP%40%40nacos-provider%22%2C%22weight%22%3A1.0%7D&serviceName=DEFAULT_GROUP%40%40nacos-provider&encoding=UTF-8&namespaceId=public HTTP/1.1" 200 38 2 Nacos-Java-Client:v1.0.0
127.0.0.1 - - [25/Oct/2019:18:28:31 +0800] "GET /nacos/v1/ns/instance/list?healthyOnly=false&namespaceId=public&clientIP=192.168.99.1&serviceName=DEFAULT_GROUP%40%40nacos-provider&udpPort=56300&encoding=UTF-8 HTTP/1.1" 200 893 1 Nacos-Java-Client:v1.0.0
0:0:0:0:0:0:0:1 - - [25/Oct/2019:18:28:32 +0800] "GET /nacos/v1/console/namespaces?namespaceId= HTTP/1.1" 200 130 3 Mozilla/5.0 (Windows NT 10.0; Win64; x64) AppleWebKit/537.36 (KHTML, like Gecko) Chrome/77.0.3865.120 Safari/537.36
127.0.0.1 - - [25/Oct/2019:18:28:34 +0800] "PUT /nacos/v1/ns/instance/beat?beat=%7B%22cluster%22%3A%22DEFAULT%22%2C%22ip%22%3A%22192.168.56.1%22%2C%22metadata%22%3A%7B%22preserved.register.source%22%3A%22SPRING_CLOUD%22%7D%2C%22port%22%3A8762%2C%22scheduled%22%3Atrue%2C%22serviceName%22%3A%22DEFAULT_GROUP%40%40nacos-provider%22%2C%22weight%22%3A1.0%7D&serviceName=DEFAULT_GROUP%40%40nacos-provider&encoding=UTF-8&namespaceId=public HTTP/1.1" 200 38 1 Nacos-Java-Client:v1.0.0
0:0:0:0:0:0:0:1 - - [25/Oct/2019:18:28:35 +0800] "GET /nacos/v1/ns/catalog/services?hasIpCount=true&withInstances=false&pageNo=1&pageSize=10&serviceNameParam=&groupNameParam=&namespaceId= HTTP/1.1" 200 168 2 Mozilla/5.0 (Windows NT 10.0; Win64; x64) AppleWebKit/537.36 (KHTML, like Gecko) Chrome/77.0.3865.120 Safari/537.36
192.168.56.1 - - [25/Oct/2019:18:28:35 +0800] "GET /nacos/v1/cs/health HTTP/1.1" 200 2 1 Apache-HttpAsyncClient/4.1.3 (Java/1.8.0_91)
127.0.0.1 - - [25/Oct/2019:18:28:36 +0800] "PUT /nacos/v1/ns/instance/beat?beat=%7B%22cluster%22%3A%22DEFAULT%22%2C%22ip%22%3A%22192.168.56.1%22%2C%22metadata%22%3A%7B%22preserved.register.source%22%3A%22SPRING_CLOUD%22%7D%2C%22port%22%3A8763%2C%22scheduled%22%3Atrue%2C%22serviceName%22%3A%22DEFAULT_GROUP%40%40nacos-provider%22%2C%22weight%22%3A1.0%7D&serviceName=DEFAULT_GROUP%40%40nacos-provider&encoding=UTF-8&namespaceId=public HTTP/1.1" 200 38 2 Nacos-Java-Client:v1.0.0
127.0.0.1 - - [25/Oct/2019:18:28:39 +0800] "PUT /nacos/v1/ns/instance/beat?beat=%7B%22cluster%22%3A%22DEFAULT%22%2C%22ip%22%3A%22192.168.56.1%22%2C%22metadata%22%3A%7B%22preserved.register.source%22%3A%22SPRING_CLOUD%22%7D%2C%22port%22%3A8762%2C%22scheduled%22%3Atrue%2C%22serviceName%22%3A%22DEFAULT_GROUP%40%40nacos-provider%22%2C%22weight%22%3A1.0%7D&serviceName=DEFAULT_GROUP%40%40nacos-provider&encoding=UTF-8&namespaceId=public HTTP/1.1" 200 38 2 Nacos-Java-Client:v1.0.0
127.0.0.1 - - [25/Oct/2019:18:28:39 +0800] "GET /nacos/v1/ns/instance/list?healthyOnly=false&namespaceId=public&clientIP=192.168.99.1&serviceName=DEFAULT_GROUP%40%40nacos-provider&udpPort=51907&encoding=UTF-8 HTTP/1.1" 200 893 4 Nacos-Java-Client:v1.0.0
192.168.56.1 - - [25/Oct/2019:18:28:40 +0800] "GET /nacos/v1/cs/health HTTP/1.1" 200 2 1 Apache-HttpAsyncClient/4.1.3 (Java/1.8.0_91)
0:0:0:0:0:0:0:1 - - [25/Oct/2019:18:28:41 +0800] "GET /nacos/v1/ns/catalog/services?hasIpCount=false&withInstances=false&pageNo=1&pageSize=10&serviceNameParam=&groupNameParam=&namespaceId= HTTP/1.1" 200 168 2 Mozilla/5.0 (Windows NT 10.0; Win64; x64) AppleWebKit/537.36 (KHTML, like Gecko) Chrome/77.0.3865.120 Safari/537.36
127.0.0.1 - - [25/Oct/2019:18:28:41 +0800] "PUT /nacos/v1/ns/instance/beat?beat=%7B%22cluster%22%3A%22DEFAULT%22%2C%22ip%22%3A%22192.168.56.1%22%2C%22metadata%22%3A%7B%22preserved.register.source%22%3A%22SPRING_CLOUD%22%7D%2C%22port%22%3A8763%2C%22scheduled%22%3Atrue%2C%22serviceName%22%3A%22DEFAULT_GROUP%40%40nacos-provider%22%2C%22weight%22%3A1.0%7D&serviceName=DEFAULT_GROUP%40%40nacos-provider&encoding=UTF-8&namespaceId=public HTTP/1.1" 200 38 1 Nacos-Java-Client:v1.0.0
127.0.0.1 - - [25/Oct/2019:18:28:41 +0800] "GET /nacos/v1/ns/instance/list?healthyOnly=false&namespaceId=public&clientIP=192.168.99.1&serviceName=DEFAULT_GROUP%40%40nacos-provider&udpPort=56300&encoding=UTF-8 HTTP/1.1" 200 893 1 Nacos-Java-Client:v1.0.0
127.0.0.1 - - [25/Oct/2019:18:28:44 +0800] "PUT /nacos/v1/ns/instance/beat?beat=%7B%22cluster%22%3A%22DEFAULT%22%2C%22ip%22%3A%22192.168.56.1%22%2C%22metadata%22%3A%7B%22preserved.register.source%22%3A%22SPRING_CLOUD%22%7D%2C%22port%22%3A8762%2C%22scheduled%22%3Atrue%2C%22serviceName%22%3A%22DEFAULT_GROUP%40%40nacos-provider%22%2C%22weight%22%3A1.0%7D&serviceName=DEFAULT_GROUP%40%40nacos-provider&encoding=UTF-8&namespaceId=public HTTP/1.1" 200 38 1 Nacos-Java-Client:v1.0.0
192.168.56.1 - - [25/Oct/2019:18:28:45 +0800] "GET /nacos/v1/cs/health HTTP/1.1" 200 2 4 Apache-HttpAsyncClient/4.1.3 (Java/1.8.0_91)
